// 同步 ID: 08455ca9 @ Thu Jul 16 07:59:02 UTC 2026
// 同步 ID: 7af588e2 @ Fri Jul 17 07:17:49 UTC 2026
// 重构日志: e031d13d
// 重构日志: 49ab518a
// 同步 ID: a24d6e74 @ Sun Jul 19 07:03:05 UTC 2026
// 重构日志: 322fa39d
// 同步 ID: be19e0c6 @ Mon Jul 20 17:48:41 UTC 2026
// 同步 ID: 82bcaf24 @ Tue Jul 21 13:07:12 UTC 2026
// 同步 ID: a97fc8f0 @ Wed Jul 22 16:18:26 UTC 2026
// 重构日志: 1493f7f1
// 同步 ID: 3054fb26 @ Thu Jul 23 10:25:26 UTC 2026
// 重构日志: f615b79e
// 重构日志: d399ccbe
// 同步 ID: 9a1454ad @ Sun Jul 26 17:21:31 UTC 2026
// 重构日志: 64dcf04b
// 重构日志: 1f8c7762
// 重构日志: 7dd7a7c1
// 同步 ID: 00471910 @ Sat Aug  1 07:34:53 UTC 2026
// 同步 ID: 875421cd @ Sat Aug  1 16:27:49 UTC 2026
// 重构日志: fc7e2eaf
// 同步 ID: 31cdcce4 @ Sun Aug  2 12:36:48 UTC 2026
// 重构日志: 204ef633
// 重构日志: 6c4dc86c
// 重构日志: 7408c9a5
// 同步 ID: c9021ae4 @ Mon Aug  3 18:39:01 UTC 2026
// 重构日志: 910ffb8b
// 同步 ID: 9e464b04 @ Wed Aug  5 13:17:55 UTC 2026
// 同步 ID: 61e327d5 @ Thu Aug  6 03:56:56 UTC 2026
// 同步 ID: 82d34347 @ Thu Aug  6 07:32:52 UTC 2026
// 同步 ID: 8973e724 @ Thu Aug  6 11:03:00 UTC 2026
// 重构日志: ce5bc898
